[0m10:56:47.550658 [debug] [MainThread]: Sending event: {'category': 'dbt', 'action': 'invocation', 'label': 'start', 'context': [<snowplow_tracker.self_describing_json.SelfDescribingJson object at 0x715d5620a8a0>, <snowplow_tracker.self_describing_json.SelfDescribingJson object at 0x715d56d7a6c0>, <snowplow_tracker.self_describing_json.SelfDescribingJson object at 0x715d5620aa50>]}


============================== 10:56:47.555773 | d4b024ba-3d4e-4312-b26e-68a1de1a41d2 ==============================
[0m10:56:47.555773 [info ] [MainThread]: Running with dbt=1.12.3
[0m10:56:47.556936 [debug] [MainThread]: running dbt with arguments {'use_colors': 'True', 'quiet': 'False', 'invocation_command': 'dbt debug', 'printer_width': '80', 'debug': 'False', 'maximum_seed_size_mib': '1', 'static_parser': 'True', 'indirect_selection': 'eager', 'introspect': 'True', 'profiles_dir': '/home/codespace/.dbt', 'target_path': 'None', 'empty': 'None', 'use_experimental_parser': 'False', 'write_json': 'True', 'log_path': 'logs', 'log_format': 'default', 'log_cache_events': 'False', 'hints_enabled': 'True', 'partial_parse': 'True', 'cache_selected_only': 'False', 'no_print': 'None', 'send_anonymous_usage_stats': 'True', 'warn_error_options': 'WarnErrorOptionsV2(error=[], warn=[], silence=[])', 'version_check': 'True', 'warn_error': 'None', 'fail_fast': 'False'}
[0m10:56:47.580941 [info ] [MainThread]: dbt version: 1.12.3
[0m10:56:47.581734 [info ] [MainThread]: python version: 3.12.1
[0m10:56:47.582382 [info ] [MainThread]: python path: /workspaces/DW_Construction_tutorial/.venv/bin/python3
[0m10:56:47.582908 [info ] [MainThread]: os info: Linux-6.8.0-1052-azure-x86_64-with-glibc2.39
[0m10:56:47.710947 [info ] [MainThread]: Using profiles dir at /home/codespace/.dbt
[0m10:56:47.712212 [info ] [MainThread]: Using profiles.yml file at /home/codespace/.dbt/profiles.yml
[0m10:56:47.713131 [info ] [MainThread]: Using dbt_project.yml file at /workspaces/DW_Construction_tutorial/dbt_project.yml
[0m10:56:47.716454 [info ] [MainThread]: adapter type: duckdb
[0m10:56:47.717189 [info ] [MainThread]: adapter version: 1.11.0
[0m10:56:47.717873 [info ] [MainThread]: Configuration:
[0m10:56:47.718504 [info ] [MainThread]:   profiles.yml file [[32mOK found and valid[0m]
[0m10:56:47.719226 [info ] [MainThread]:   dbt_project.yml file [[31mERROR not found[0m]
[0m10:56:47.720015 [info ] [MainThread]: Required dependencies:
[0m10:56:47.720814 [debug] [MainThread]: Executing "git --help"
[0m10:56:47.724470 [debug] [MainThread]: STDOUT: "b"usage: git [-v | --version] [-h | --help] [-C <path>] [-c <name>=<value>]\n           [--exec-path[=<path>]] [--html-path] [--man-path] [--info-path]\n           [-p | --paginate | -P | --no-pager] [--no-replace-objects] [--no-lazy-fetch]\n           [--no-optional-locks] [--no-advice] [--bare] [--git-dir=<path>]\n           [--work-tree=<path>] [--namespace=<name>] [--config-env=<name>=<envvar>]\n           <command> [<args>]\n\nThese are common Git commands used in various situations:\n\nstart a working area (see also: git help tutorial)\n   clone      Clone a repository into a new directory\n   init       Create an empty Git repository or reinitialize an existing one\n\nwork on the current change (see also: git help everyday)\n   add        Add file contents to the index\n   mv         Move or rename a file, a directory, or a symlink\n   restore    Restore working tree files\n   rm         Remove files from the working tree and from the index\n\nexamine the history and state (see also: git help revisions)\n   bisect     Use binary search to find the commit that introduced a bug\n   diff       Show changes between commits, commit and working tree, etc\n   grep       Print lines matching a pattern\n   log        Show commit logs\n   show       Show various types of objects\n   status     Show the working tree status\n\ngrow, mark and tweak your common history\n   backfill   Download missing objects in a partial clone\n   branch     List, create, or delete branches\n   commit     Record changes to the repository\n   merge      Join two or more development histories together\n   rebase     Reapply commits on top of another base tip\n   reset      Set `HEAD` or the index to a known state\n   switch     Switch branches\n   tag        Create, list, delete or verify tags\n\ncollaborate (see also: git help workflows)\n   fetch      Download objects and refs from another repository\n   pull       Fetch from and integrate with another repository or a local branch\n   push       Update remote refs along with associated objects\n\n'git help -a' and 'git help -g' list available subcommands and some\nconcept guides. See 'git help <command>' or 'git help <concept>'\nto read about a specific subcommand or concept.\nSee 'git help git' for an overview of the system.\n""
[0m10:56:47.725462 [debug] [MainThread]: STDERR: "b''"
[0m10:56:47.726164 [info ] [MainThread]:  - git [[32mOK found[0m]

[0m10:56:47.726952 [info ] [MainThread]: Connection:
[0m10:56:47.727722 [info ] [MainThread]:   database: dev
[0m10:56:47.728321 [info ] [MainThread]:   schema: main
[0m10:56:47.728908 [info ] [MainThread]:   path: dev.duckdb
[0m10:56:47.729483 [info ] [MainThread]:   config_options: None
[0m10:56:47.730000 [info ] [MainThread]:   extensions: None
[0m10:56:47.730555 [info ] [MainThread]:   settings: {}
[0m10:56:47.731064 [info ] [MainThread]:   external_root: .
[0m10:56:47.731630 [info ] [MainThread]:   use_credential_provider: None
[0m10:56:47.732136 [info ] [MainThread]:   attach: None
[0m10:56:47.732721 [info ] [MainThread]:   filesystems: None
[0m10:56:47.733451 [info ] [MainThread]:   remote: None
[0m10:56:47.734110 [info ] [MainThread]:   plugins: None
[0m10:56:47.734833 [info ] [MainThread]:   disable_transactions: False
[0m10:56:47.735778 [info ] [MainThread]: Registered adapter: duckdb=1.11.0
[0m10:56:47.878330 [debug] [MainThread]: Acquiring new duckdb connection 'debug'
[0m10:56:47.918405 [debug] [MainThread]: Using duckdb connection "debug"
[0m10:56:47.919274 [debug] [MainThread]: On debug: select 1 as id
[0m10:56:47.920043 [debug] [MainThread]: Opening a new connection, currently in state init
[0m10:56:47.950212 [debug] [MainThread]: SQL status: OK in 0.030 seconds
[0m10:56:47.952305 [debug] [MainThread]: On debug: Close
[0m10:56:47.953137 [info ] [MainThread]:   Connection test: [[32mOK connection ok[0m]

[0m10:56:47.953961 [info ] [MainThread]: [31m1 check failed:[0m
[0m10:56:47.954746 [info ] [MainThread]: Project loading failed for the following reason:
 project path </workspaces/DW_Construction_tutorial/dbt_project.yml> not found

[0m10:56:47.957282 [debug] [MainThread]: Resource report: {"command_name": "debug", "command_success": false, "command_wall_clock_time": 0.5160443, "process_in_blocks": "36448", "process_kernel_time": 0.333717, "process_mem_max_rss": "157940", "process_out_blocks": "40", "process_user_time": 2.082997}
[0m10:56:47.958266 [debug] [MainThread]: Command `dbt debug` failed at 10:56:47.958096 after 0.52 seconds
[0m10:56:47.959403 [debug] [MainThread]: Connection 'debug' was properly closed.
[0m10:56:47.960208 [debug] [MainThread]: Sending event: {'category': 'dbt', 'action': 'invocation', 'label': 'end', 'context': [<snowplow_tracker.self_describing_json.SelfDescribingJson object at 0x715d56381ca0>, <snowplow_tracker.self_describing_json.SelfDescribingJson object at 0x715d5a3d7b60>, <snowplow_tracker.self_describing_json.SelfDescribingJson object at 0x715d56c98d40>]}
[0m10:56:47.961263 [debug] [MainThread]: Flushing usage events
[0m10:56:48.925397 [debug] [MainThread]: An error was encountered while trying to flush usage events
[0m10:56:59.932591 [debug] [MainThread]: Sending event: {'category': 'dbt', 'action': 'invocation', 'label': 'start', 'context': [<snowplow_tracker.self_describing_json.SelfDescribingJson object at 0x78bad2dda240>, <snowplow_tracker.self_describing_json.SelfDescribingJson object at 0x78bad39e9c10>, <snowplow_tracker.self_describing_json.SelfDescribingJson object at 0x78bad2dd8cb0>]}


============================== 10:56:59.936039 | 9bea9cc9-e145-4cdc-9bf1-cc55125ddce9 ==============================
[0m10:56:59.936039 [info ] [MainThread]: Running with dbt=1.12.3
[0m10:56:59.936879 [debug] [MainThread]: running dbt with arguments {'no_print': 'None', 'write_json': 'True', 'invocation_command': 'dbt run', 'partial_parse': 'True', 'printer_width': '80', 'fail_fast': 'False', 'empty': 'False', 'introspect': 'True', 'indirect_selection': 'eager', 'warn_error': 'None', 'log_path': 'logs', 'version_check': 'True', 'debug': 'False', 'send_anonymous_usage_stats': 'True', 'cache_selected_only': 'False', 'target_path': 'None', 'quiet': 'False', 'maximum_seed_size_mib': '1', 'profiles_dir': '/home/codespace/.dbt', 'hints_enabled': 'True', 'use_experimental_parser': 'False', 'static_parser': 'True', 'warn_error_options': 'WarnErrorOptionsV2(error=[], warn=[], silence=[])', 'use_colors': 'True', 'log_format': 'default', 'log_cache_events': 'False'}
[0m10:56:59.937636 [error] [MainThread]: [[31mERROR[0m]: Encountered an error:
Runtime Error
  No dbt_project.yml found at expected path /workspaces/DW_Construction_tutorial/dbt_project.yml
  Verify that each entry within packages.yml (and their transitive dependencies) contains a file named dbt_project.yml
  
[0m10:56:59.938861 [debug] [MainThread]: Resource report: {"command_name": "run", "command_success": false, "command_wall_clock_time": 0.098958, "process_in_blocks": "0", "process_kernel_time": 0.196576, "process_mem_max_rss": "111256", "process_out_blocks": "8", "process_user_time": 1.835705}
[0m10:56:59.939520 [debug] [MainThread]: Command `dbt run` failed at 10:56:59.939402 after 0.10 seconds
[0m10:56:59.940023 [debug] [MainThread]: Sending event: {'category': 'dbt', 'action': 'invocation', 'label': 'end', 'context': [<snowplow_tracker.self_describing_json.SelfDescribingJson object at 0x78bad39e9c10>, <snowplow_tracker.self_describing_json.SelfDescribingJson object at 0x78bad457fb00>, <snowplow_tracker.self_describing_json.SelfDescribingJson object at 0x78bad3eac3e0>]}
[0m10:56:59.940581 [debug] [MainThread]: Flushing usage events
[0m10:57:00.918267 [debug] [MainThread]: An error was encountered while trying to flush usage events
[0m11:03:43.454994 [debug] [MainThread]: Sending event: {'category': 'dbt', 'action': 'invocation', 'label': 'start', 'context': [<snowplow_tracker.self_describing_json.SelfDescribingJson object at 0x74d052cc3a70>, <snowplow_tracker.self_describing_json.SelfDescribingJson object at 0x74d053b0e180>, <snowplow_tracker.self_describing_json.SelfDescribingJson object at 0x74d0523ffcb0>]}


============================== 11:03:43.458455 | dfadf1e0-c11e-4f78-bcce-8897311efd24 ==============================
[0m11:03:43.458455 [info ] [MainThread]: Running with dbt=1.12.3
[0m11:03:43.459371 [debug] [MainThread]: running dbt with arguments {'indirect_selection': 'eager', 'use_colors': 'True', 'empty': 'False', 'partial_parse': 'True', 'log_path': 'logs', 'introspect': 'True', 'warn_error': 'None', 'invocation_command': 'dbt run', 'maximum_seed_size_mib': '1', 'use_experimental_parser': 'False', 'profiles_dir': '/home/codespace/.dbt', 'log_format': 'default', 'static_parser': 'True', 'version_check': 'True', 'warn_error_options': 'WarnErrorOptionsV2(error=[], warn=[], silence=[])', 'printer_width': '80', 'no_print': 'None', 'fail_fast': 'False', 'send_anonymous_usage_stats': 'True', 'quiet': 'False', 'log_cache_events': 'False', 'debug': 'False', 'target_path': 'None', 'write_json': 'True', 'hints_enabled': 'True', 'cache_selected_only': 'False'}
[0m11:03:43.460443 [error] [MainThread]: [[31mERROR[0m]: Encountered an error:
Runtime Error
  No dbt_project.yml found at expected path /workspaces/DW_Construction_tutorial/dbt_project.yml
  Verify that each entry within packages.yml (and their transitive dependencies) contains a file named dbt_project.yml
  
[0m11:03:43.462005 [debug] [MainThread]: Resource report: {"command_name": "run", "command_success": false, "command_wall_clock_time": 0.10509935, "process_in_blocks": "0", "process_kernel_time": 0.209254, "process_mem_max_rss": "111416", "process_out_blocks": "8", "process_user_time": 1.800586}
[0m11:03:43.463027 [debug] [MainThread]: Command `dbt run` failed at 11:03:43.462868 after 0.11 seconds
[0m11:03:43.463825 [debug] [MainThread]: Sending event: {'category': 'dbt', 'action': 'invocation', 'label': 'end', 'context': [<snowplow_tracker.self_describing_json.SelfDescribingJson object at 0x74d053cba600>, <snowplow_tracker.self_describing_json.SelfDescribingJson object at 0x74d054aa7140>, <snowplow_tracker.self_describing_json.SelfDescribingJson object at 0x74d051509a90>]}
[0m11:03:43.464675 [debug] [MainThread]: Flushing usage events
[0m11:03:44.452020 [debug] [MainThread]: An error was encountered while trying to flush usage events
